// Jest Snapshot v1, https://goo.gl/fbAQLP

exports[`Button should render correctly 1`] = `
.c0 {
  cursor: pointer;
  border-radius: 0.5rem;
  display: -webkit-box;
  display: -webkit-flex;
  display: -ms-flexbox;
  display: flex;
  -webkit-box-pack: center;
  -webkit-justify-content: center;
  -ms-flex-pack: center;
  justify-content: center;
  -webkit-align-items: center;
  -webkit-box-align: center;
  -ms-flex-align: center;
  align-items: center;
  -webkit-transition: background,border,color 0.25s ease-in-out;
  transition: background,border,color 0.25s ease-in-out;
  padding: 0.6875rem 0.875rem;
  max-width: 100%;
  max-height: 100%;
  min-width: -webkit-fit-content;
  min-width: -moz-fit-content;
  min-width: fit-content;
  min-height: -webkit-fit-content;
  min-height: -moz-fit-content;
  min-height: fit-content;
  width: 12.5rem;
  height: 4.375rem;
  font-feature-settings: 'cpsp' on;
  font-size: 1rem;
  line-height: 1.25rem;
  font-weight: 600;
  font-style: normal;
  color: #000000;
  font-family: Source Sans Pro,sans-serif;
  text-transform: uppercase;
  border: 4px solid rgba(0,0,0,0.1);
  color: #000000;
  background: #FFFFFF;
}

.c0.hover,
.c0:hover {
  border: 4px solid rgba(0,0,0,0.4);
  color: #000000;
  background: #FFFFFF;
}

.c0.focus,
.c0:focus {
  border: 4px solid rgba(0,0,0,0.5);
  color: #000000;
  background: #FFFFFF;
}

.c0.disabled {
  pointer-events: none;
  border: 4px solid rgba(0,0,0,0.1);
  color: rgba(0,0,0,0.5);
  background: #FFFFFF;
}

@media (max-width:48em) {
  .c0 {
    width: 9.375rem;
    height: 3.75rem;
  }
}

<button
  className="c0"
>
  hello
</button>
`;
